// Jest Snapshot v1, https://goo.gl/fbAQLP

exports[`Form test renders footer correctly 1`] = `
<footer>
   
  <div>
    Â© All right's reserved - Ammar 
  </div>
   
</footer>
`;
